WARNING: A terminally deprecated method in sun.misc.Unsafe has been called
WARNING: sun.misc.Unsafe::staticFieldBase has been called by com.google.inject.internal.aop.HiddenClassDefiner (file:/C:/Users/aswin/Downloads/apache-maven-3.9.11-bin/apache-maven-3.9.11/lib/guice-5.1.0-classes.jar)
WARNING: Please consider reporting this to the maintainers of class com.google.inject.internal.aop.HiddenClassDefiner
WARNING: sun.misc.Unsafe::staticFieldBase will be removed in a future release
[INFO] Scanning for projects...
[INFO] 
[INFO] --------------------< com.problemsharing:platform >---------------------
[INFO] Building platform 0.0.1-SNAPSHOT
[INFO]   from pom.xml
[INFO] --------------------------------[ jar ]---------------------------------
[INFO] 
[INFO] >>> spring-boot:4.0.3:run (default-cli) > test-compile @ platform >>>
[INFO] 
[INFO] --- resources:3.3.1:resources (default-resources) @ platform ---
[INFO] Copying 1 resource from src\main\resources to target\classes
[INFO] Copying 0 resource from src\main\resources to target\classes
[INFO] 
[INFO] --- compiler:3.14.1:compile (default-compile) @ platform ---
[INFO] Nothing to compile - all classes are up to date.
[INFO] 
[INFO] --- resources:3.3.1:testResources (default-testResources) @ platform ---
[INFO] skip non existing resourceDirectory C:\samplepgm\mproj\backend\src\test\resources
[INFO] 
[INFO] --- compiler:3.14.1:testCompile (default-testCompile) @ platform ---
[INFO] Nothing to compile - all classes are up to date.
[INFO] 
[INFO] <<< spring-boot:4.0.3:run (default-cli) < test-compile @ platform <<<
[INFO] 
[INFO] 
[INFO] --- spring-boot:4.0.3:run (default-cli) @ platform ---
[INFO] Attaching agents: []

  .   ____          _            __ _ _
 /\\ / ___'_ __ _ _(_)_ __  __ _ \ \ \ \
( ( )\___ | '_ | '_| | '_ \/ _` | \ \ \ \
 \\/  ___)| |_)| | | | | || (_| |  ) ) ) )
  '  |____| .__|_| |_|_| |_\__, | / / / /
 =========|_|==============|___/=/_/_/_/

 :: Spring Boot ::                (v4.0.3)

2026-03-17T15:04:59.293+05:30  INFO 22964 --- [platform] [           main] c.p.platform.PlatformApplication         : Starting PlatformApplication using Java 24 with PID 22964 (C:\samplepgm\mproj\backend\target\classes started by aswin in C:\samplepgm\mproj\backend)
2026-03-17T15:04:59.297+05:30  INFO 22964 --- [platform] [           main] c.p.platform.PlatformApplication         : No active profile set, falling back to 1 default profile: "default"
2026-03-17T15:05:00.396+05:30  INFO 22964 --- [platform] [           main] .s.d.r.c.RepositoryConfigurationDelegate : Bootstrapping Spring Data JPA repositories in DEFAULT mode.
2026-03-17T15:05:00.511+05:30  INFO 22964 --- [platform] [           main] .s.d.r.c.RepositoryConfigurationDelegate : Finished Spring Data repository scanning in 100 ms. Found 5 JPA repository interfaces.
2026-03-17T15:05:01.297+05:30  INFO 22964 --- [platform] [           main] o.s.boot.tomcat.TomcatWebServer          : Tomcat initialized with port 8081 (http)
2026-03-17T15:05:01.317+05:30  INFO 22964 --- [platform] [           main] o.apache.catalina.core.StandardService   : Starting service [Tomcat]
2026-03-17T15:05:01.318+05:30  INFO 22964 --- [platform] [           main] o.apache.catalina.core.StandardEngine    : Starting Servlet engine: [Apache Tomcat/11.0.18]
2026-03-17T15:05:01.401+05:30  INFO 22964 --- [platform] [           main] b.w.c.s.WebApplicationContextInitializer : Root WebApplicationContext: initialization completed in 2025 ms
2026-03-17T15:05:01.661+05:30  INFO 22964 --- [platform] [           main] org.hibernate.orm.jpa                    : HHH008540: Processing PersistenceUnitInfo [name: default]
2026-03-17T15:05:01.742+05:30  INFO 22964 --- [platform] [           main] org.hibernate.orm.core                   : HHH000001: Hibernate ORM core version 7.2.4.Final
2026-03-17T15:05:02.560+05:30  INFO 22964 --- [platform] [           main] o.s.o.j.p.SpringPersistenceUnitInfo      : No LoadTimeWeaver setup: ignoring JPA class transformer
2026-03-17T15:05:02.613+05:30  INFO 22964 --- [platform] [           main] com.zaxxer.hikari.HikariDataSource       : HikariPool-1 - Starting...
2026-03-17T15:05:02.853+05:30  INFO 22964 --- [platform] [           main] com.zaxxer.hikari.pool.HikariPool        : HikariPool-1 - Added connection org.postgresql.jdbc.PgConnection@cb318ac
2026-03-17T15:05:02.855+05:30  INFO 22964 --- [platform] [           main] com.zaxxer.hikari.HikariDataSource       : HikariPool-1 - Start completed.
2026-03-17T15:05:02.916+05:30  WARN 22964 --- [platform] [           main] org.hibernate.orm.deprecation            : HHH90000025: PostgreSQLDialect does not need to be specified explicitly using 'hibernate.dialect' (remove the property setting and it will be selected by default)
2026-03-17T15:05:02.999+05:30  INFO 22964 --- [platform] [           main] org.hibernate.orm.connections.pooling    : HHH10001005: Database info:
	Database JDBC URL [jdbc:postgresql://localhost:5432/problemshare]
	Database driver: PostgreSQL JDBC Driver
	Database dialect: PostgreSQLDialect
	Database version: 15.17
	Default catalog/schema: problemshare/public
	Autocommit mode: undefined/unknown
	Isolation level: READ_COMMITTED [default READ_COMMITTED]
	JDBC fetch size: none
	Pool: DataSourceConnectionProvider
	Minimum pool size: undefined/unknown
	Maximum pool size: undefined/unknown
2026-03-17T15:05:04.436+05:30  INFO 22964 --- [platform] [           main] org.hibernate.orm.core                   : HHH000489: No JTA platform available (set 'hibernate.transaction.jta.platform' to enable JTA platform integration)
2026-03-17T15:05:04.703+05:30  INFO 22964 --- [platform] [           main] j.LocalContainerEntityManagerFactoryBean : Initialized JPA EntityManagerFactory for persistence unit 'default'
2026-03-17T15:05:04.821+05:30  INFO 22964 --- [platform] [           main] o.s.d.j.r.query.QueryEnhancerFactories   : Hibernate is in classpath; If applicable, HQL parser will be used.
2026-03-17T15:05:06.712+05:30  WARN 22964 --- [platform] [           main] JpaBaseConfiguration$JpaWebConfiguration : spring.jpa.open-in-view is enabled by default. Therefore, database queries may be performed during view rendering. Explicitly configure spring.jpa.open-in-view to disable this warning
2026-03-17T15:05:07.167+05:30  INFO 22964 --- [platform] [           main] o.s.boot.tomcat.TomcatWebServer          : Tomcat started on port 8081 (http) with context path '/'
2026-03-17T15:05:07.175+05:30  INFO 22964 --- [platform] [           main] c.p.platform.PlatformApplication         : Started PlatformApplication in 8.745 seconds (process running for 9.43)
Hibernate: 
    select
        u1_0.id,
        u1_0.alias,
        u1_0.allow_ai_analysis,
        u1_0.bio,
        u1_0.comment_notifications,
        u1_0.created_at,
        u1_0.password_hash,
        u1_0.profile_visible 
    from
        users u1_0 
    where
        u1_0.alias=?
